Component: ARM Compiler 5.06 update 5 (build 528) Tool: armlink [4d35e2]

==============================================================================

Section Cross References

    stm32f10x_it.o(.text) refers to usart.o(.text) for UsartPrintf
    system_stm32f10x.o(.text) refers to system_stm32f10x.o(.data) for .data
    startup_stm32f10x_md.o(STACK) refers (Special) to heapauxi.o(.text) for __use_two_region_memory
    startup_stm32f10x_md.o(HEAP) refers (Special) to heapauxi.o(.text) for __use_two_region_memory
    startup_stm32f10x_md.o(RESET) refers (Special) to heapauxi.o(.text) for __use_two_region_memory
    startup_stm32f10x_md.o(RESET) refers to startup_stm32f10x_md.o(STACK) for __initial_sp
    startup_stm32f10x_md.o(RESET) refers to startup_stm32f10x_md.o(.text) for Reset_Handler
    startup_stm32f10x_md.o(RESET) refers to stm32f10x_it.o(.text) for NMI_Handler
    startup_stm32f10x_md.o(RESET) refers to key.o(.text) for EXTI1_IRQHandler
    startup_stm32f10x_md.o(RESET) refers to usart.o(.text) for USART1_IRQHandler
    startup_stm32f10x_md.o(RESET) refers to esp8266.o(.text) for USART2_IRQHandler
    startup_stm32f10x_md.o(.text) refers (Special) to heapauxi.o(.text) for __use_two_region_memory
    startup_stm32f10x_md.o(.text) refers to system_stm32f10x.o(.text) for SystemInit
    startup_stm32f10x_md.o(.text) refers to __main.o(!!!main) for __main
    startup_stm32f10x_md.o(.text) refers to startup_stm32f10x_md.o(HEAP) for Heap_Mem
    startup_stm32f10x_md.o(.text) refers to startup_stm32f10x_md.o(STACK) for Stack_Mem
    stm32f10x_gpio.o(.text) refers to stm32f10x_rcc.o(.text) for RCC_APB2PeriphResetCmd
    stm32f10x_rcc.o(.text) refers to stm32f10x_rcc.o(.data) for .data
    stm32f10x_usart.o(.text) refers to stm32f10x_rcc.o(.text) for RCC_APB2PeriphResetCmd
    stm32f10x_adc.o(.text) refers to stm32f10x_rcc.o(.text) for RCC_APB2PeriphResetCmd
    delay.o(.text) refers to delay.o(.data) for .data
    usart.o(.text) refers to stm32f10x_rcc.o(.text) for RCC_APB2PeriphClockCmd
    usart.o(.text) refers to stm32f10x_gpio.o(.text) for GPIO_Init
    usart.o(.text) refers to stm32f10x_usart.o(.text) for USART_Init
    usart.o(.text) refers to misc.o(.text) for NVIC_Init
    usart.o(.text) refers to c89vsnprintf.o(.text) for __c89vsnprintf
    led.o(.text) refers to stm32f10x_gpio.o(.text) for GPIO_WriteBit
    led.o(.text) refers to stm32f10x_rcc.o(.text) for RCC_APB2PeriphClockCmd
    led.o(.text) refers to led.o(.data) for .data
    key.o(.text) refers to stm32f10x_rcc.o(.text) for RCC_APB2PeriphClockCmd
    key.o(.text) refers to stm32f10x_gpio.o(.text) for GPIO_Init
    key.o(.text) refers to stm32f10x_exti.o(.text) for EXTI_Init
    key.o(.text) refers to misc.o(.text) for NVIC_Init
    key.o(.text) refers to delay.o(.text) for DelayXms
    key.o(.text) refers to led.o(.text) for Led_Set
    key.o(.text) refers to buzzer.o(.text) for Buzzer_Set
    key.o(.text) refers to led.o(.data) for led_info
    dht11.o(.text) refers to stm32f10x_gpio.o(.text) for GPIO_WriteBit
    dht11.o(.text) refers to delay.o(.text) for DelayXms
    dht11.o(.text) refers to stm32f10x_rcc.o(.text) for RCC_APB2PeriphClockCmd
    buzzer.o(.text) refers to stm32f10x_gpio.o(.text) for GPIO_SetBits
    buzzer.o(.text) refers to stm32f10x_rcc.o(.text) for RCC_APB2PeriphClockCmd
    max30102.o(.text) refers to stm32f10x_gpio.o(.text) for GPIO_Init
    max30102.o(.text) refers to delay.o(.text) for DelayUs
    max30102.o(.text) refers to stm32f10x_rcc.o(.text) for RCC_APB2PeriphClockCmd
    max30102.o(.text) refers to max30102.o(.bss) for .bss
    max30102.o(.text) refers to max30102.o(.constdata) for .constdata
    mq3.o(.text) refers to stm32f10x_rcc.o(.text) for RCC_APB2PeriphClockCmd
    mq3.o(.text) refers to stm32f10x_gpio.o(.text) for GPIO_Init
    mq3.o(.text) refers to stm32f10x_adc.o(.text) for ADC_Init
    main.o(.text) refers to _printf_pad.o(.text) for _printf_pre_padding
    main.o(.text) refers to _printf_percent.o(.ARM.Collect$$_printf_percent$$00000000) for _printf_percent
    main.o(.text) refers to _printf_d.o(.ARM.Collect$$_printf_percent$$00000009) for _printf_d
    main.o(.text) refers to _printf_dec.o(.text) for _printf_int_dec
    main.o(.text) refers to __2sprintf.o(.text) for __2sprintf
    main.o(.text) refers to oled.o(.text) for OLED_ShowString
    main.o(.text) refers to misc.o(.text) for NVIC_PriorityGroupConfig
    main.o(.text) refers to delay.o(.text) for Delay_Init
    main.o(.text) refers to usart.o(.text) for Usart1_Init
    main.o(.text) refers to key.o(.text) for Key_Init
    main.o(.text) refers to led.o(.text) for Led_Init
    main.o(.text) refers to buzzer.o(.text) for Buzzer_Init
    main.o(.text) refers to max30102.o(.text) for MAX30102_Init
    main.o(.text) refers to mq3.o(.text) for MQ3_Init
    main.o(.text) refers to rand.o(.text) for srand
    main.o(.text) refers to esp8266.o(.text) for ESP8266_Init
[...]
    FLASH_IRQHandler                         0x0800056f   Thumb Code     0  startup_stm32f10x_md.o(.text)
    I2C1_ER_IRQHandler                       0x0800056f   Thumb Code     0  startup_stm32f10x_md.o(.text)
    I2C1_EV_IRQHandler                       0x0800056f   Thumb Code     0  startup_stm32f10x_md.o(.text)
    I2C2_ER_IRQHandler                       0x0800056f   Thumb Code     0  startup_stm32f10x_md.o(.text)
    I2C2_EV_IRQHandler                       0x0800056f   Thumb Code     0  startup_stm32f10x_md.o(.text)
    PVD_IRQHandler                           0x0800056f   Thumb Code     0  startup_stm32f10x_md.o(.text)
    RCC_IRQHandler                           0x0800056f   Thumb Code     0  startup_stm32f10x_md.o(.text)
    RTCAlarm_IRQHandler                      0x0800056f   Thumb Code     0  startup_stm32f10x_md.o(.text)
    SPI1_IRQHandler                          0x0800056f   Thumb Code     0  startup_stm32f10x_md.o(.text)
    SPI2_IRQHandler                          0x0800056f   Thumb Code     0  startup_stm32f10x_md.o(.text)
    TAMPER_IRQHandler                        0x0800056f   Thumb Code     0  startup_stm32f10x_md.o(.text)
    TIM1_BRK_IRQHandler                      0x0800056f   Thumb Code     0  startup_stm32f10x_md.o(.text)
    TIM1_CC_IRQHandler                       0x0800056f   Thumb Code     0  startup_stm32f10x_md.o(.text)
    TIM1_TRG_COM_IRQHandler                  0x0800056f   Thumb Code     0  startup_stm32f10x_md.o(.text)
    TIM1_UP_IRQHandler                       0x0800056f   Thumb Code     0  startup_stm32f10x_md.o(.text)
    TIM2_IRQHandler                          0x0800056f   Thumb Code     0  startup_stm32f10x_md.o(.text)
    TIM3_IRQHandler                          0x0800056f   Thumb Code     0  startup_stm32f10x_md.o(.text)
    TIM4_IRQHandler                          0x0800056f   Thumb Code     0  startup_stm32f10x_md.o(.text)
    USART3_IRQHandler                        0x0800056f   Thumb Code     0  startup_stm32f10x_md.o(.text)
    USBWakeUp_IRQHandler                     0x0800056f   Thumb Code     0  startup_stm32f10x_md.o(.text)
    USB_HP_CAN1_TX_IRQHandler                0x0800056f   Thumb Code     0  startup_stm32f10x_md.o(.text)
    USB_LP_CAN1_RX0_IRQHandler               0x0800056f   Thumb Code     0  startup_stm32f10x_md.o(.text)
    WWDG_IRQHandler                          0x0800056f   Thumb Code     0  startup_stm32f10x_md.o(.text)
    __user_initial_stackheap                 0x08000571   Thumb Code     0  startup_stm32f10x_md.o(.text)
    NVIC_PriorityGroupConfig                 0x08000595   Thumb Code    10  misc.o(.text)
    NVIC_Init                                0x0800059f   Thumb Code    96  misc.o(.text)
    NVIC_SetVectorTable                      0x080005ff   Thumb Code    14  misc.o(.text)
    NVIC_SystemLPConfig                      0x0800060d   Thumb Code    24  misc.o(.text)
    SysTick_CLKSourceConfig                  0x08000625   Thumb Code    28  misc.o(.text)
    GPIO_DeInit                              0x0800064d   Thumb Code   188  stm32f10x_gpio.o(.text)
    GPIO_AFIODeInit                          0x08000709   Thumb Code    22  stm32f10x_gpio.o(.text)
    GPIO_Init                                0x0800071f   Thumb Code   166  stm32f10x_gpio.o(.text)
    GPIO_StructInit                          0x080007c5   Thumb Code    16  stm32f10x_gpio.o(.text)
    GPIO_ReadInputDataBit                    0x080007d5   Thumb Code    14  stm32f10x_gpio.o(.text)
    GPIO_ReadInputData                       0x080007e3   Thumb Code     6  stm32f10x_gpio.o(.text)
    GPIO_ReadOutputDataBit                   0x080007e9   Thumb Code    14  stm32f10x_gpio.o(.text)
    GPIO_ReadOutputData                      0x080007f7   Thumb Code     6  stm32f10x_gpio.o(.text)
    GPIO_SetBits                             0x080007fd   Thumb Code     4  stm32f10x_gpio.o(.text)
    GPIO_ResetBits                           0x08000801   Thumb Code     4  stm32f10x_gpio.o(.text)
    GPIO_WriteBit                            0x08000805   Thumb Code    12  stm32f10x_gpio.o(.text)
    GPIO_Write                               0x08000811   Thumb Code     4  stm32f10x_gpio.o(.text)
    GPIO_PinLockConfig                       0x08000815   Thumb Code    16  stm32f10x_gpio.o(.text)
    GPIO_EventOutputConfig                   0x08000825   Thumb Code    22  stm32f10x_gpio.o(.text)
    GPIO_EventOutputCmd                      0x0800083b   Thumb Code     6  stm32f10x_gpio.o(.text)
    GPIO_PinRemapConfig                      0x08000841   Thumb Code    86  stm32f10x_gpio.o(.text)
    GPIO_EXTILineConfig                      0x08000897   Thumb Code    34  stm32f10x_gpio.o(.text)
    GPIO_ETH_MediaInterfaceConfig            0x080008b9   Thumb Code     8  stm32f10x_gpio.o(.text)
    RCC_DeInit                               0x080008e5   Thumb Code    50  stm32f10x_rcc.o(.text)
    RCC_HSEConfig                            0x08000917   Thumb Code    50  stm32f10x_rcc.o(.text)
    RCC_GetFlagStatus                        0x08000949   Thumb Code    42  stm32f10x_rcc.o(.text)
    RCC_WaitForHSEStartUp                    0x08000973   Thumb Code    48  stm32f10x_rcc.o(.text)
    RCC_AdjustHSICalibrationValue            0x080009a3   Thumb Code    16  stm32f10x_rcc.o(.text)
    RCC_HSICmd                               0x080009b3   Thumb Code     6  stm32f10x_rcc.o(.text)
    RCC_PLLConfig                            0x080009b9   Thumb Code    16  stm32f10x_rcc.o(.text)
    RCC_PLLCmd                               0x080009c9   Thumb Code     6  stm32f10x_rcc.o(.text)
    RCC_SYSCLKConfig                         0x080009cf   Thumb Code    14  stm32f10x_rcc.o(.text)
    RCC_GetSYSCLKSource                      0x080009dd   Thumb Code    10  stm32f10x_rcc.o(.text)
    RCC_HCLKConfig                           0x080009e7   Thumb Code    14  stm32f10x_rcc.o(.text)
    RCC_PCLK1Config                          0x080009f5   Thumb Code    14  stm32f10x_rcc.o(.text)
    RCC_PCLK2Config                          0x08000a03   Thumb Code    16  stm32f10x_rcc.o(.text)
    RCC_ITConfig                             0x08000a13   Thumb Code    22  stm32f10x_rcc.o(.text)
    RCC_USBCLKConfig                         0x08000a29   Thumb Code     8  stm32f10x_rcc.o(.text)
    RCC_ADCCLKConfig                         0x08000a31   Thumb Code    14  stm32f10x_rcc.o(.text)
    RCC_LSEConfig                            0x08000a3f   Thumb Code    36  stm32f10x_rcc.o(.text)
    RCC_LSICmd                               0x08000a63   Thumb Code     6  stm32f10x_rcc.o(.text)
    RCC_RTCCLKConfig                         0x08000a69   Thumb Code    10  stm32f10x_rcc.o(.text)
    RCC_RTCCLKCmd                            0x08000a73   Thumb Code     8  stm32f10x_rcc.o(.text)
    RCC_GetClocksFreq                        0x08000a7b   Thumb Code   154  stm32f10x_rcc.o(.text)
    RCC_AHBPeriphClockCmd                    0x08000b15   Thumb Code    22  stm32f10x_rcc.o(.text)
    RCC_APB2PeriphClockCmd                   0x08000b2b   Thumb Code    22  stm32f10x_rcc.o(.text)
    RCC_APB1PeriphClockCmd                   0x08000b41   Thumb Code    22  stm32f10x_rcc.o(.text)
    RCC_APB2PeriphResetCmd                   0x08000b57   Thumb Code    22  stm32f10x_rcc.o(.text)
    RCC_APB1PeriphResetCmd                   0x08000b6d   Thumb Code    22  stm32f10x_rcc.o(.text)
    RCC_BackupResetCmd                       0x08000b83   Thumb Code     8  stm32f10x_rcc.o(.text)
    RCC_ClockSecuritySystemCmd               0x08000b8b   Thumb Code     6  stm32f10x_rcc.o(.text)
    RCC_MCOConfig                            0x08000b91   Thumb Code     6  stm32f10x_rcc.o(.text)
    RCC_ClearFlag                            0x08000b97   Thumb Code    12  stm32f10x_rcc.o(.text)
    RCC_GetITStatus                          0x08000ba3   Thumb Code    16  stm32f10x_rcc.o(.text)
    RCC_ClearITPendingBit                    0x08000bb3   Thumb Code     6  stm32f10x_rcc.o(.text)
    USART_DeInit                             0x08000bd9   Thumb Code   144  stm32f10x_usart.o(.text)
    USART_Init                               0x08000c69   Thumb Code   182  stm32f10x_usart.o(.text)
    USART_StructInit                         0x08000d1f   Thumb Code    22  stm32f10x_usart.o(.text)
    USART_ClockInit                          0x08000d35   Thumb Code    30  stm32f10x_usart.o(.text)
    USART_ClockStructInit                    0x08000d53   Thumb Code    12  stm32f10x_usart.o(.text)
    USART_Cmd                                0x08000d5f   Thumb Code    24  stm32f10x_usart.o(.text)
    USART_ITConfig                           0x08000d77   Thumb Code    54  stm32f10x_usart.o(.text)
    USART_DMACmd                             0x08000dad   Thumb Code    20  stm32f10x_usart.o(.text)
    USART_SetAddress                         0x08000dc1   Thumb Code    16  stm32f10x_usart.o(.text)
    USART_WakeUpConfig                       0x08000dd1   Thumb Code    16  stm32f10x_usart.o(.text)
    USART_ReceiverWakeUpCmd                  0x08000de1   Thumb Code    24  stm32f10x_usart.o(.text)
    USART_LINBreakDetectLengthConfig         0x08000df9   Thumb Code    16  stm32f10x_usart.o(.text)
    USART_LINCmd                             0x08000e09   Thumb Code    24  stm32f10x_usart.o(.text)
    USART_SendData                           0x08000e21   Thumb Code     8  stm32f10x_usart.o(.text)
    USART_ReceiveData                        0x08000e29   Thumb Code     8  stm32f10x_usart.o(.text)
    USART_SendBreak                          0x08000e31   Thumb Code    10  stm32f10x_usart.o(.text)
    USART_SetGuardTime                       0x08000e3b   Thumb Code    16  stm32f10x_usart.o(.text)
    USART_SetPrescaler                       0x08000e4b   Thumb Code    16  stm32f10x_usart.o(.text)
    USART_SmartCardCmd                       0x08000e5b   Thumb Code    24  stm32f10x_usart.o(.text)
    USART_SmartCardNACKCmd                   0x08000e73   Thumb Code    24  stm32f10x_usart.o(.text)
    USART_HalfDuplexCmd                      0x08000e8b   Thumb Code    24  stm32f10x_usart.o(.text)
    USART_OverSampling8Cmd                   0x08000ea3   Thumb Code    24  stm32f10x_usart.o(.text)
    USART_OneBitMethodCmd                    0x08000ebb   Thumb Code    24  stm32f10x_usart.o(.text)
    USART_IrDAConfig                         0x08000ed3   Thumb Code    16  stm32f10x_usart.o(.text)
    USART_IrDACmd                            0x08000ee3   Thumb Code    24  stm32f10x_usart.o(.text)
    USART_GetFlagStatus                      0x08000efb   Thumb Code    14  stm32f10x_usart.o(.text)
    USART_ClearFlag                          0x08000f09   Thumb Code     8  stm32f10x_usart.o(.text)
    USART_GetITStatus                        0x08000f11   Thumb Code    64  stm32f10x_usart.o(.text)
    USART_ClearITPendingBit                  0x08000f51   Thumb Code    16  stm32f10x_usart.o(.text)
    EXTI_DeInit                              0x08000f75   Thumb Code    28  stm32f10x_exti.o(.text)
    EXTI_Init                                0x08000f91   Thumb Code   110  stm32f10x_exti.o(.text)
    EXTI_StructInit                          0x08000fff   Thumb Code    14  stm32f10x_exti.o(.text)
    EXTI_GenerateSWInterrupt                 0x0800100d   Thumb Code    12  stm32f10x_exti.o(.text)
    EXTI_GetFlagStatus                       0x08001019   Thumb Code    18  stm32f10x_exti.o(.text)
    EXTI_ClearFlag                           0x0800102b   Thumb Code     8  stm32f10x_exti.o(.text)
    EXTI_GetITStatus                         0x08001033   Thumb Code    28  stm32f10x_exti.o(.text)
    EXTI_ClearITPendingBit                   0x0800104f   Thumb Code     8  stm32f10x_exti.o(.text)
    ADC_DeInit                               0x08001061   Thumb Code    88  stm32f10x_adc.o(.text)
    ADC_Init                                 0x080010b9   Thumb Code    62  stm32f10x_adc.o(.text)
    ADC_StructInit                           0x080010f7   Thumb Code    18  stm32f10x_adc.o(.text)
    ADC_Cmd                                  0x08001109   Thumb Code    24  stm32f10x_adc.o(.text)
    ADC_DMACmd                               0x08001121   Thumb Code    24  stm32f10x_adc.o(.text)
    ADC_ITConfig                             0x08001139   Thumb Code    22  stm32f10x_adc.o(.text)
    ADC_ResetCalibration                     0x0800114f   Thumb Code    10  stm32f10x_adc.o(.text)
    ADC_GetResetCalibrationStatus            0x08001159   Thumb Code    14  stm32f10x_adc.o(.text)
    ADC_StartCalibration                     0x08001167   Thumb Code    10  stm32f10x_adc.o(.text)
    ADC_GetCalibrationStatus                 0x08001171   Thumb Code    14  stm32f10x_adc.o(.text)
    ADC_SoftwareStartConvCmd                 0x0800117f   Thumb Code    24  stm32f10x_adc.o(.text)
    ADC_GetSoftwareStartConvStatus           0x08001197   Thumb Code    14  stm32f10x_adc.o(.text)
    ADC_DiscModeChannelCountConfig           0x080011a5   Thumb Code    16  stm32f10x_adc.o(.text)
    ADC_DiscModeCmd                          0x080011b5   Thumb Code    24  stm32f10x_adc.o(.text)
    ADC_RegularChannelConfig                 0x080011cd   Thumb Code   116  stm32f10x_adc.o(.text)
    ADC_ExternalTrigConvCmd                  0x08001241   Thumb Code    24  stm32f10x_adc.o(.text)
    ADC_GetConversionValue                   0x08001259   Thumb Code     6  stm32f10x_adc.o(.text)
    ADC_GetDualModeConversionValue           0x0800125f   Thumb Code     8  stm32f10x_adc.o(.text)
    ADC_AutoInjectedConvCmd                  0x08001267   Thumb Code    24  stm32f10x_adc.o(.text)
    ADC_InjectedDiscModeCmd                  0x0800127f   Thumb Code    24  stm32f10x_adc.o(.text)
    ADC_ExternalTrigInjectedConvConfig       0x08001297   Thumb Code    12  stm32f10x_adc.o(.text)
    ADC_ExternalTrigInjectedConvCmd          0x080012a3   Thumb Code    24  stm32f10x_adc.o(.text)
    ADC_SoftwareStartInjectedConvCmd         0x080012bb   Thumb Code    24  stm32f10x_adc.o(.text)
    ADC_GetSoftwareStartInjectedConvCmdStatus 0x080012d3   Thumb Code    14  stm32f10x_adc.o(.text)
    ADC_InjectedChannelConfig                0x080012e1   Thumb Code    74  stm32f10x_adc.o(.text)
    ADC_InjectedSequencerLengthConfig        0x0800132b   Thumb Code    16  stm32f10x_adc.o(.text)
    ADC_SetInjectedOffset                    0x0800133b   Thumb Code    16  stm32f10x_adc.o(.text)
    ADC_GetInjectedConversionValue           0x0800134b   Thumb Code    20  stm32f10x_adc.o(.text)
    ADC_AnalogWatchdogCmd                    0x0800135f   Thumb Code    12  stm32f10x_adc.o(.text)
    ADC_AnalogWatchdogThresholdsConfig       0x0800136b   Thumb Code     6  stm32f10x_adc.o(.text)
    ADC_AnalogWatchdogSingleChannelConfig    0x08001371   Thumb Code    12  stm32f10x_adc.o(.text)
    ADC_TempSensorVrefintCmd                 0x0800137d   Thumb Code    28  stm32f10x_adc.o(.text)
    ADC_GetFlagStatus                        0x08001399   Thumb Code    14  stm32f10x_adc.o(.text)
    ADC_ClearFlag                            0x080013a7   Thumb Code     6  stm32f10x_adc.o(.text)
    ADC_GetITStatus                          0x080013ad   Thumb Code    28  stm32f10x_adc.o(.text)
    ADC_ClearITPendingBit                    0x080013c9   Thumb Code     8  stm32f10x_adc.o(.text)
    Delay_Init                               0x080013e9   Thumb Code    26  delay.o(.text)
    DelayUs                                  0x08001403   Thumb Code    36  delay.o(.text)
    DelayXms                                 0x08001427   Thumb Code    40  delay.o(.text)
    DelayMs                                  0x0800144f   Thumb Code    50  delay.o(.text)
    Usart1_Init                              0x08001485   Thumb Code   164  usart.o(.text)
    Usart2_Init                              0x08001529   Thumb Code   158  usart.o(.text)
    Usart_SendString                         0x080015c7   Thumb Code    48  usart.o(.text)
    UsartPrintf                              0x080015f7   Thumb Code    64  usart.o(.text)
    USART1_IRQHandler                        0x08001637   Thumb Code    32  usart.o(.text)
    Led_Set                                  0x08001665   Thumb Code    22  led.o(.text)
    Led_Init                                 0x0800167b   Thumb Code    42  led.o(.text)
    Key_Init                                 0x080016ad   Thumb Code   104  key.o(.text)
    EXTI1_IRQHandler                         0x08001715   Thumb Code    68  key.o(.text)
    Buzzer_Set                               0x08001761   Thumb Code    22  buzzer.o(.text)
    Buzzer_Init                              0x08001777   Thumb Code    44  buzzer.o(.text)
    MAX30102_IIC_SDA_OUT                     0x080017a9   Thumb Code    32  max30102.o(.text)
    MAX30102_IIC_Stop                        0x080017c9   Thumb Code    36  max30102.o(.text)
    MAX30102_IIC_SDA_IN                      0x080017ed   Thumb Code    32  max30102.o(.text)
    MAX30102_IIC_Wait_Ack                    0x0800180d   Thumb Code    64  max30102.o(.text)
    MAX30102_IIC_Send_Byte                   0x0800184d   Thumb Code    72  max30102.o(.text)
    MAX30102_IIC_Start                       0x08001895   Thumb Code    34  max30102.o(.text)
    max30102_Bus_Write                       0x080018b7   Thumb Code    62  max30102.o(.text)
    MAX30102_IIC_NAck                        0x080018f5   Thumb Code    34  max30102.o(.text)
    MAX30102_IIC_Ack                         0x08001917   Thumb Code    34  max30102.o(.text)
    MAX30102_IIC_Read_Byte                   0x08001939   Thumb Code    86  max30102.o(.text)
    max30102_Bus_Read                        0x0800198f   Thumb Code    76  max30102.o(.text)
    max30102_FIFO_ReadWords                  0x080019db   Thumb Code   156  max30102.o(.text)
    max30102_FIFO_ReadBytes                  0x08001a77   Thumb Code   136  max30102.o(.text)
    MAX30102_Reset                           0x08001aff   Thumb Code    20  max30102.o(.text)
    MAX30102_IIC_Init                        0x08001b13   Thumb Code    48  max30102.o(.text)
    MAX30102_Init                            0x08001b43   Thumb Code   152  max30102.o(.text)
    MAX30102_IIC_Write_One_Byte              0x08001bdb   Thumb Code    56  max30102.o(.text)
    maxim_max30102_write_reg                 0x08001c13   Thumb Code     8  max30102.o(.text)
    MAX30102_IIC_Read_One_Byte               0x08001c1b   Thumb Code    62  max30102.o(.text)
    maxim_max30102_read_reg                  0x08001c59   Thumb Code     8  max30102.o(.text)
    MAX30102_IIC_ReadBytes                   0x08001c61   Thumb Code    96  max30102.o(.text)
    maxim_max30102_read_fifo                 0x08001cc1   Thumb Code   116  max30102.o(.text)
    MAX30102_IIC_WriteBytes                  0x08001d35   Thumb Code    58  max30102.o(.text)
    maxim_sort_ascend                        0x08001d6f   Thumb Code    46  max30102.o(.text)
    maxim_sort_indices_descend               0x08001d9d   Thumb Code    54  max30102.o(.text)
    maxim_remove_close_peaks                 0x08001dd3   Thumb Code   102  max30102.o(.text)
    maxim_peaks_above_min_height             0x08001e39   Thumb Code   100  max30102.o(.text)
    maxim_find_peaks                         0x08001e9d   Thumb Code    54  max30102.o(.text)
    maxim_heart_rate_and_oxygen_saturation   0x08001ed3   Thumb Code   926  max30102.o(.text)
    MQ3_Init                                 0x08002285   Thumb Code   112  mq3.o(.text)
    MQ3_Read                                 0x080022f5   Thumb Code    46  mq3.o(.text)
    Refresh_Data                             0x0800232d   Thumb Code    98  main.o(.text)
    Display_Init                             0x0800238f   Thumb Code    46  main.o(.text)
    Hardware_Init                            0x080023bd   Thumb Code    90  main.o(.text)
    main                                     0x08002417   Thumb Code  1128  main.o(.text)
    OneNET_RegisterDevice                    0x08002a93   Thumb Code   194  onenet.o(.text)
    OneNet_DevLink                           0x08002b55   Thumb Code   232  onenet.o(.text)
    OneNet_FillBuf                           0x08002c3d   Thumb Code  1068  onenet.o(.text)
    OneNet_SendData                          0x08003069   Thumb Code   114  onenet.o(.text)
    OneNET_Publish                           0x080030db   Thumb Code    84  onenet.o(.text)
    OneNET_Subscribe                         0x0800312f   Thumb Code    88  onenet.o(.text)
    OneNet_RevPro                            0x08003187   Thumb Code   270  onenet.o(.text)
    ft                                       0x080033e1   Thumb Code    58  hmac_sha1.o(.text)
    k                                        0x0800341b   Thumb Code    34  hmac_sha1.o(.text)
    rotr                                     0x0800343d   Thumb Code    32  hmac_sha1.o(.text)
    rotl                                     0x0800345d   Thumb Code    32  hmac_sha1.o(.text)
    sha1                                     0x0800347d   Thumb Code   486  hmac_sha1.o(.text)
    hmac_sha1                                0x08003663   Thumb Code   236  hmac_sha1.o(.text)
    BASE64_Encode                            0x0800376d   Thumb Code   264  base64.o(.text)
    BASE64_Decode                            0x08003875   Thumb Code   336  base64.o(.text)
    MQTT_NewBuffer                           0x080039c9   Thumb Code    86  mqttkit.o(.text)
    MQTT_DeleteBuffer                        0x08003a1f   Thumb Code    28  mqttkit.o(.text)
    MQTT_DumpLength                          0x08003a3b   Thumb Code    36  mqttkit.o(.text)
    MQTT_ReadLength                          0x08003a5f   Thumb Code    62  mqttkit.o(.text)
    MQTT_UnPacketRecv                        0x08003a9d   Thumb Code    94  mqttkit.o(.text)
    MQTT_PacketConnect                       0x08003afb   Thumb Code   608  mqttkit.o(.text)
    MQTT_PacketDisConnect                    0x08003d5b   Thumb Code    46  mqttkit.o(.text)
    MQTT_UnPacketConnectAck                  0x08003d89   Thumb Code    26  mqttkit.o(.text)
    MQTT_PacketPublish                       0x08003da3   Thumb Code   398  mqttkit.o(.text)
    MQTT_PacketSaveData                      0x08003f31   Thumb Code    58  mqttkit.o(.text)
    MQTT_PacketSaveBinData                   0x08003f6b   Thumb Code   170  mqttkit.o(.text)
    MQTT_UnPacketCmd                         0x08004015   Thumb Code   130  mqttkit.o(.text)
    MQTT_PacketCmdResp                       0x08004097   Thumb Code   114  mqttkit.o(.text)
    MQTT_PacketSubscribe                     0x08004109   Thumb Code   220  mqttkit.o(.text)
    MQTT_UnPacketSubscribe                   0x080041e5   Thumb Code    44  mqttkit.o(.text)
    MQTT_PacketUnSubscribe                   0x08004211   Thumb Code   208  mqttkit.o(.text)
    MQTT_UnPacketUnSubscribe                 0x080042e1   Thumb Code    20  mqttkit.o(.text)
    MQTT_UnPacketPublish                     0x080042f5   Thumb Code   452  mqttkit.o(.text)
    MQTT_PacketPublishAck                    0x080044b9   Thumb Code    70  mqttkit.o(.text)
    MQTT_UnPacketPublishAck                  0x080044ff   Thumb Code    28  mqttkit.o(.text)
    MQTT_PacketPublishRec                    0x0800451b   Thumb Code    70  mqttkit.o(.text)
    MQTT_UnPacketPublishRec                  0x08004561   Thumb Code    28  mqttkit.o(.text)
    MQTT_PacketPublishRel                    0x0800457d   Thumb Code    70  mqttkit.o(.text)
    MQTT_UnPacketPublishRel                  0x080045c3   Thumb Code    34  mqttkit.o(.text)
    MQTT_PacketPublishComp                   0x080045e5   Thumb Code    70  mqttkit.o(.text)
    MQTT_UnPacketPublishComp                 0x0800462b   Thumb Code    28  mqttkit.o(.text)
    MQTT_PacketPing                          0x08004647   Thumb Code    46  mqttkit.o(.text)
    ESP8266_Clear                            0x08004675   Thumb Code    20  esp8266.o(.text)
    ESP8266_WaitRecive                       0x08004689   Thumb Code    30  esp8266.o(.text)
    ESP8266_SendCmd                          0x080046a7   Thumb Code    66  esp8266.o(.text)
    ESP8266_SendData                         0x080046e9   Thumb Code    48  esp8266.o(.text)
    ESP8266_GetIPD                           0x08004719   Thumb Code    52  esp8266.o(.text)
    ESP8266_Init                             0x0800474d   Thumb Code   170  esp8266.o(.text)
    USART2_IRQHandler                        0x080047f7   Thumb Code    62  esp8266.o(.text)
    cJSON_GetErrorPtr                        0x0800490d   Thumb Code     6  cjson.o(.text)
    cJSON_InitHooks                          0x08004989   Thumb Code    36  cjson.o(.text)
    cJSON_Delete                             0x080049c7   Thumb Code    66  cjson.o(.text)
    cJSON_ParseWithOpts                      0x080053b9   Thumb Code    94  cjson.o(.text)
    cJSON_Parse                              0x08005417   Thumb Code     6  cjson.o(.text)
    cJSON_Print                              0x08005acd   Thumb Code     8  cjson.o(.text)
    cJSON_PrintUnformatted                   0x08005ad5   Thumb Code     8  cjson.o(.text)
    cJSON_PrintBuffered                      0x08005add   Thumb Code    38  cjson.o(.text)
    cJSON_GetArraySize                       0x08005b03   Thumb Code    16  cjson.o(.text)
    cJSON_GetArrayItem                       0x08005b13   Thumb Code    18  cjson.o(.text)
    cJSON_GetObjectItem                      0x08005b25   Thumb Code    28  cjson.o(.text)
    cJSON_AddItemToArray                     0x08005b75   Thumb Code    26  cjson.o(.text)
    cJSON_AddItemToObject                    0x08005b8f   Thumb Code    42  cjson.o(.text)
    cJSON_AddItemToObjectCS                  0x08005bb9   Thumb Code    50  cjson.o(.text)
    cJSON_AddItemReferenceToArray            0x08005beb   Thumb Code    20  cjson.o(.text)
    cJSON_AddItemReferenceToObject           0x08005bff   Thumb Code    24  cjson.o(.text)
    cJSON_DetachItemFromArray                0x08005c17   Thumb Code    56  cjson.o(.text)
    cJSON_DeleteItemFromArray                0x08005c4f   Thumb Code    14  cjson.o(.text)
    cJSON_DetachItemFromObject               0x08005c5d   Thumb Code    50  cjson.o(.text)
    cJSON_DeleteItemFromObject               0x08005c8f   Thumb Code    14  cjson.o(.text)
    cJSON_InsertItemInArray                  0x08005c9d   Thumb Code    52  cjson.o(.text)
    cJSON_ReplaceItemInArray                 0x08005cd1   Thumb Code    62  cjson.o(.text)
    cJSON_ReplaceItemInObject                0x08005d0f   Thumb Code    60  cjson.o(.text)
    cJSON_CreateNull                         0x08005d4b   Thumb Code    16  cjson.o(.text)
    cJSON_CreateTrue                         0x08005d5b   Thumb Code    16  cjson.o(.text)
    cJSON_CreateFalse                        0x08005d6b   Thumb Code    16  cjson.o(.text)
    cJSON_CreateBool                         0x08005d7b   Thumb Code    24  cjson.o(.text)
    cJSON_CreateNumber                       0x08005d93   Thumb Code    36  cjson.o(.text)
    cJSON_CreateString                       0x08005db7   Thumb Code    28  cjson.o(.text)
    cJSON_CreateArray                        0x08005dd3   Thumb Code    16  cjson.o(.text)
    cJSON_CreateObject                       0x08005de3   Thumb Code    16  cjson.o(.text)
    cJSON_CreateIntArray                     0x08005df3   Thumb Code    64  cjson.o(.text)
    cJSON_CreateFloatArray                   0x08005e33   Thumb Code    62  cjson.o(.text)
    cJSON_CreateDoubleArray                  0x08005e71   Thumb Code    60  cjson.o(.text)
    cJSON_CreateStringArray                  0x08005ead   Thumb Code    66  cjson.o(.text)
    cJSON_Duplicate                          0x08005eef   Thumb Code   150  cjson.o(.text)
    cJSON_Minify                             0x08005f85   Thumb Code   158  cjson.o(.text)
    IIC_Start                                0x08006025   Thumb Code    40  oled.o(.text)
    IIC_Stop                                 0x0800604d   Thumb Code    32  oled.o(.text)
    IIC_Wait_Ack                             0x0800606d   Thumb Code    24  oled.o(.text)
    Write_IIC_Byte                           0x08006085   Thumb Code    72  oled.o(.text)
    Write_IIC_Command                        0x080060cd   Thumb Code    44  oled.o(.text)
    Write_IIC_Data                           0x080060f9   Thumb Code    44  oled.o(.text)
    OLED_WR_Byte                             0x08006125   Thumb Code    12  oled.o(.text)
    fill_picture                             0x08006131   Thumb Code    60  oled.o(.text)
    Delay_50ms                               0x0800616d   Thumb Code    24  oled.o(.text)
    Delay_1ms                                0x08006185   Thumb Code    20  oled.o(.text)
    OLED_Set_Pos                             0x08006199   Thumb Code    38  oled.o(.text)
    OLED_Display_On                          0x080061bf   Thumb Code    28  oled.o(.text)
    OLED_Display_Off                         0x080061db   Thumb Code    28  oled.o(.text)
    OLED_Clear                               0x080061f7   Thumb Code    58  oled.o(.text)
    OLED_On                                  0x08006231   Thumb Code    58  oled.o(.text)
    OLED_ShowChar                            0x0800626b   Thumb Code   134  oled.o(.text)
    oled_pow                                 0x080062f1   Thumb Code    16  oled.o(.text)
    OLED_ShowNum                             0x08006301   Thumb Code   112  oled.o(.text)
    OLED_ShowString                          0x08006371   Thumb Code    52  oled.o(.text)
    OLED_ShowCHinese                         0x080063a5   Thumb Code    88  oled.o(.text)
    OLED_DrawBMP                             0x080063fd   Thumb Code    84  oled.o(.text)
    OLED_Init                                0x08006451   Thumb Code   274  oled.o(.text)
    malloc                                   0x08006569   Thumb Code    94  h1_alloc.o(.text)
    free                                     0x080065c7   Thumb Code    78  h1_free.o(.text)
    tolower                                  0x08006615   Thumb Code    26  tolower.o(.text)
    __c89vsnprintf                           0x08006631   Thumb Code    48  c89vsnprintf.o(.text)
    __2sprintf                               0x08006665   Thumb Code    38  __2sprintf.o(.text)
    __2snprintf                              0x08006691   Thumb Code    50  __2snprintf.o(.text)
    _printf_pre_padding                      0x080066c9   Thumb Code    44  _printf_pad.o(.text)
    _printf_post_padding                     0x080066f5   Thumb Code    34  _printf_pad.o(.text)
    _printf_str                              0x08006717   Thumb Code    82  _printf_str.o(.text)
    _printf_int_dec                          0x08006769   Thumb Code   104  _printf_dec.o(.text)
    _printf_longlong_hex                     0x080067e1   Thumb Code    86  _printf_hex_int_ll_ptr.o(.text)
    _printf_int_hex                          0x08006837   Thumb Code    28  _printf_hex_int_ll_ptr.o(.text)
    _printf_ll_hex                           0x08006853   Thumb Code    12  _printf_hex_int_ll_ptr.o(.text)
    _printf_hex_ptr                          0x0800685f   Thumb Code    18  _printf_hex_int_ll_ptr.o(.text)
    __printf                                 0x08006875   Thumb Code   388  __printf_flags_ss_wp.o(.text)
    __0sscanf                                0x080069fd   Thumb Code    52  __0sscanf.o(.text)
    _scanf_int                               0x08006a39   Thumb Code   332  _scanf_int.o(.text)
    _scanf_string                            0x08006b85   Thumb Code   224  _scanf_str.o(.text)
    srand                                    0x08006c65   Thumb Code    42  rand.o(.text)
    _rand_init                               0x08006c8f   Thumb Code     4  rand.o(.text)
    strchr                                   0x08006ca1   Thumb Code    20  strchr.o(.text)
    strncat                                  0x08006cb5   Thumb Code    36  strncat.o(.text)
    strstr                                   0x08006cd9   Thumb Code    36  strstr.o(.text)
    strcpy                                   0x08006cfd   Thumb Code    72  strcpy.o(.text)
    strlen                                   0x08006d45   Thumb Code    62  strlen.o(.text)
    strncmp                                  0x08006d83   Thumb Code   150  strncmp.o(.text)
    strcat                                   0x08006e19   Thumb Code    24  strcat.o(.text)
    __aeabi_memcpy                           0x08006e31   Thumb Code     0  rt_memcpy_v6.o(.text)
    __rt_memcpy                              0x08006e31   Thumb Code   138  rt_memcpy_v6.o(.text)
    _memcpy_lastbytes                        0x08006e97   Thumb Code     0  rt_memcpy_v6.o(.text)
    __aeabi_memcpy4                          0x08006ebb   Thumb Code     0  rt_memcpy_w.o(.text)
    __aeabi_memcpy8                          0x08006ebb   Thumb Code     0  rt_memcpy_w.o(.text)
    __rt_memcpy_w                            0x08006ebb   Thumb Code   100  rt_memcpy_w.o(.text)
    _memcpy_lastbytes_aligned                0x08006f03   Thumb Code     0  rt_memcpy_w.o(.text)
    __aeabi_memclr                           0x08006f1f   Thumb Code     0  rt_memclr.o(.text)
    __rt_memclr                              0x08006f1f   Thumb Code    68  rt_memclr.o(.text)
    _memset                                  0x08006f23   Thumb Code     0  rt_memclr.o(.text)
    __aeabi_memclr4                          0x08006f63   Thumb Code     0  rt_memclr_w.o(.text)
    __aeabi_memclr8                          0x08006f63   Thumb Code     0  rt_memclr_w.o(.text)
    __rt_memclr_w                            0x08006f63   Thumb Code    78  rt_memclr_w.o(.text)
    _memset_w                                0x08006f67   Thumb Code     0  rt_memclr_w.o(.text)
    __use_two_region_memory                  0x08006fb1   Thumb Code     2  heapauxi.o(.text)
    __rt_heap_escrow                         0x08006fb3   Thumb Code     2  heapauxi.o(.text)
    __rt_heap_expand                         0x08006fb5   Thumb Code     2  heapauxi.o(.text)
    __rt_ctype_table                         0x08006fb9   Thumb Code    16  rt_ctype_table.o(.text)
    __rt_heap_descriptor                     0x08006fc9   Thumb Code     8  rt_heap_descriptor_intlibspace.o(.text)
    __use_no_heap                            0x08006fd1   Thumb Code     2  hguard.o(.text)
    __heap$guard                             0x08006fd3   Thumb Code     2  hguard.o(.text)
    _terminate_user_alloc                    0x08006fd5   Thumb Code     2  init_alloc.o(.text)
    _init_user_alloc                         0x08006fd7   Thumb Code     2  init_alloc.o(.text)
    __Heap_Full                              0x08006fd9   Thumb Code    34  init_alloc.o(.text)
    __Heap_Broken                            0x08006ffb   Thumb Code     6  init_alloc.o(.text)
    _init_alloc                              0x08007001   Thumb Code    94  init_alloc.o(.text)
    __Heap_Initialize                        0x0800705f   Thumb Code    10  h1_init.o(.text)
    __Heap_DescSize                          0x08007069   Thumb Code     4  h1_init.o(.text)
    __read_errno                             0x0800706d   Thumb Code    10  _rserrno.o(.text)
    __set_errno                              0x08007077   Thumb Code    12  _rserrno.o(.text)
    _printf_truncate_signed                  0x08007083   Thumb Code    18  _printf_truncate.o(.text)
    _printf_truncate_unsigned                0x08007095   Thumb Code    18  _printf_truncate.o(.text)
    _printf_int_common                       0x080070a7   Thumb Code   178  _printf_intcommon.o(.text)
    _printf_charcount                        0x08007159   Thumb Code    40  _printf_charcount.o(.text)
    __lib_sel_fp_printf                      0x08007181   Thumb Code     2  _printf_fp_dec.o(.text)
    _printf_fp_dec_real                      0x08007333   Thumb Code   620  _printf_fp_dec.o(.text)
    _printf_char_common                      0x080075ab   Thumb Code    32  _printf_char_common.o(.text)
    _sputc                                   0x080075d1   Thumb Code    10  _sputc.o(.text)
    _snputc                                  0x080075db   Thumb Code    16  _snputc.o(.text)
    _printf_cs_common                        0x080075eb   Thumb Code    20  _printf_char.o(.text)
    _printf_char                             0x080075ff   Thumb Code    16  _printf_char.o(.text)
    _printf_string                           0x0800760f   Thumb Code     8  _printf_char.o(.text)
    _printf_wctomb                           0x08007619   Thumb Code   182  _printf_wctomb.o(.text)
    _printf_longlong_dec                     0x080076d5   Thumb Code   108  _printf_longlong_dec.o(.text)
    _printf_longlong_oct                     0x08007751   Thumb Code    66  _printf_oct_int_ll.o(.text)
    _printf_int_oct                          0x08007793   Thumb Code    24  _printf_oct_int_ll.o(.text)
    _printf_ll_oct                           0x080077ab   Thumb Code    12  _printf_oct_int_ll.o(.text)
    _chval                                   0x080077c1   Thumb Code    28  _chval.o(.text)
    __vfscanf_char                           0x080077e9   Thumb Code    24  scanf_char.o(.text)
    _sgetc                                   0x08007809   Thumb Code    30  _sgetc.o(.text)
    _sbackspace                              0x08007827   Thumb Code    34  _sgetc.o(.text)
    __user_libspace                          0x08007849   Thumb Code     8  libspace.o(.text)
    __user_perproc_libspace                  0x08007849   Thumb Code     0  libspace.o(.text)
    __user_perthread_libspace                0x08007849   Thumb Code     0  libspace.o(.text)
    __rt_locale                              0x08007851   Thumb Code     8  rt_locale_intlibspace.o(.text)
    __aeabi_errno_addr                       0x08007859   Thumb Code     8  rt_errno_addr_intlibspace.o(.text)
    __errno$intlibspace                      0x08007859   Thumb Code     0  rt_errno_addr_intlibspace.o(.text)
    __rt_errno_addr$intlibspace              0x08007859   Thumb Code     0  rt_errno_addr_intlibspace.o(.text)
    __Heap_ProvideMemory                     0x08007861   Thumb Code    52  h1_extend.o(.text)
    _ll_udiv10                               0x08007895   Thumb Code   138  lludiv10.o(.text)
    isspace                                  0x0800791f   Thumb Code    18  isspace.o(.text)
    _printf_fp_infnan                        0x08007931   Thumb Code   112  _printf_fp_infnan.o(.text)
    _printf_lcs_common                       0x080079b1   Thumb Code    20  _printf_wchar.o(.text)
    _printf_wchar                            0x080079c5   Thumb Code    16  _printf_wchar.o(.text)
    _printf_wstring                          0x080079d5   Thumb Code     8  _printf_wchar.o(.text)
    __vfscanf                                0x080079dd   Thumb Code   878  _scanf.o(.text)
    _btod_etento                             0x08007d51   Thumb Code   224  bigflt0.o(.text)
    _wcrtomb                                 0x08007e35   Thumb Code    64  _wcrtomb.o(.text)
    __rt_SIGRTMEM                            0x08007e75   Thumb Code    14  defsig_rtmem_outer.o(.text)
    __I$use$semihosting                      0x08007e83   Thumb Code     0  use_no_semi.o(.text)
    __use_no_semihosting_swi                 0x08007e83   Thumb Code     2  use_no_semi.o(.text)
    __semihosting_library_function           0x08007e85   Thumb Code     0  indicate_semi.o(.text)
    __user_setup_stackheap                   0x08007e85   Thumb Code    74  sys_stackheap_outer.o(.text)
    exit                                     0x08007ecf   Thumb Code    18  exit.o(.text)
    __sig_exit                               0x08007ee1   Thumb Code    10  defsig_exit.o(.text)
    __rt_SIGRTMEM_inner                      0x08007eed   Thumb Code    22  defsig_rtmem_inner.o(.text)
    strcmp                                   0x08007f3d   Thumb Code   128  strcmpv7m.o(.text)
    _sys_exit                                0x08007fbd   Thumb Code     8  sys_exit.o(.text)
    __default_signal_display                 0x08007fc9   Thumb Code    50  defsig_general.o(.text)
    _ttywrch                                 0x08007ffb   Thumb Code    14  sys_wrch.o(.text)
    _btod_d2e                                0x08008009   Thumb Code    62  btod.o(CL$$btod_d2e)
    _d2e_denorm_low                          0x08008047   Thumb Code    70  btod.o(CL$$btod_d2e_denorm_low)
    _d2e_norm_op1                            0x0800808d   Thumb Code    96  btod.o(CL$$btod_d2e_norm_op1)
    __btod_div_common                        0x080080ed   Thumb Code   696  btod.o(CL$$btod_div_common)
    _e2e                                     0x08008425   Thumb Code   220  btod.o(CL$$btod_e2e)
    _btod_ediv                               0x08008501   Thumb Code    42  btod.o(CL$$btod_ediv)
    _btod_emul                               0x0800852b   Thumb Code    42  btod.o(CL$$btod_emul)
    __btod_mult_common                       0x08008555   Thumb Code   580  btod.o(CL$$btod_mult_common)
    __ARM_fpclassify                         0x08008799   Thumb Code    40  fpclassify.o(i.__ARM_fpclassify)
    __kernel_poly                            0x080087c1   Thumb Code   170  poly.o(i.__kernel_poly)
    __mathlib_dbl_divzero                    0x0800886d   Thumb Code    12  dunder.o(i.__mathlib_dbl_divzero)
    __mathlib_dbl_infnan2                    0x0800887d   Thumb Code     4  dunder.o(i.__mathlib_dbl_infnan2)
    __mathlib_dbl_invalid                    0x08008881   Thumb Code    12  dunder.o(i.__mathlib_dbl_invalid)
    __mathlib_dbl_overflow                   0x0800888d   Thumb Code    14  dunder.o(i.__mathlib_dbl_overflow)
    __mathlib_dbl_underflow                  0x0800889d   Thumb Code    10  dunder.o(i.__mathlib_dbl_underflow)
    _is_digit                                0x080088ad   Thumb Code    14  __printf_wp.o(i._is_digit)
    floor                                    0x080088bd   Thumb Code   204  floor.o(i.floor)
    pow                                      0x08008999   Thumb Code  2512  pow.o(i.pow)
    sqrt                                     0x08009371   Thumb Code    76  sqrt.o(i.sqrt)
    _get_lc_ctype                            0x080093bd   Thumb Code    44  lc_ctype_c.o(locale$$code)
    _get_lc_numeric                          0x080093e9   Thumb Code    44  lc_numeric_c.o(locale$$code)
    __aeabi_dadd                             0x08009415   Thumb Code     0  daddsub_clz.o(x$fpl$dadd)
    _dadd                                    0x08009415   Thumb Code   332  daddsub_clz.o(x$fpl$dadd)
    __fpl_dcheck_NaN1                        0x08009565   Thumb Code    10  dcheck1.o(x$fpl$dcheck1)
    __fpl_dcmp_Inf                           0x08009575   Thumb Code    24  dcmpi.o(x$fpl$dcmpinf)
    __aeabi_ddiv                             0x0800958d   Thumb Code     0  ddiv.o(x$fpl$ddiv)
    _ddiv                                    0x0800958d   Thumb Code   552  ddiv.o(x$fpl$ddiv)
    __aeabi_cdcmpeq                          0x0800983d   Thumb Code     0  deqf.o(x$fpl$deqf)
    _dcmpeq                                  0x0800983d   Thumb Code   120  deqf.o(x$fpl$deqf)
    __aeabi_d2iz                             0x080098b5   Thumb Code     0  dfix.o(x$fpl$dfix)
    _dfix                                    0x080098b5   Thumb Code    94  dfix.o(x$fpl$dfix)
    __aeabi_i2d                              0x08009913   Thumb Code     0  dflt_clz.o(x$fpl$dflt)
    _dflt                                    0x08009913   Thumb Code    46  dflt_clz.o(x$fpl$dflt)
    __aeabi_cdcmple                          0x08009941   Thumb Code     0  dleqf.o(x$fpl$dleqf)
    _dcmple                                  0x08009941   Thumb Code   120  dleqf.o(x$fpl$dleqf)
    __fpl_dcmple_InfNaN                      0x080099a3   Thumb Code     0  dleqf.o(x$fpl$dleqf)
    __aeabi_dmul                             0x080099b9   Thumb Code     0  dmul.o(x$fpl$dmul)
    _dmul                                    0x080099b9   Thumb Code   332  dmul.o(x$fpl$dmul)
    __fpl_dnaninf                            0x08009b0d   Thumb Code   156  dnaninf.o(x$fpl$dnaninf)
    __fpl_dretinf                            0x08009ba9   Thumb Code    12  dretinf.o(x$fpl$dretinf)
    __aeabi_cdrcmple                         0x08009bb5   Thumb Code     0  drleqf.o(x$fpl$drleqf)
    _drcmple                                 0x08009bb5   Thumb Code   108  drleqf.o(x$fpl$drleqf)
    __aeabi_drsub                            0x08009c21   Thumb Code     0  daddsub_clz.o(x$fpl$drsb)
    _drsb                                    0x08009c21   Thumb Code    22  daddsub_clz.o(x$fpl$drsb)
    _dsqrt                                   0x08009c39   Thumb Code   456  dsqrt_noumaal.o(x$fpl$dsqrt)
    __aeabi_dsub                             0x08009e05   Thumb Code     0  daddsub_clz.o(x$fpl$dsub)
    _dsub                                    0x08009e05   Thumb Code   464  daddsub_clz.o(x$fpl$dsub)
    __aeabi_f2d                              0x08009fd9   Thumb Code     0  f2d.o(x$fpl$f2d)
    _f2d                                     0x08009fd9   Thumb Code    86  f2d.o(x$fpl$f2d)
    __fpl_fnaninf                            0x0800a02f   Thumb Code   140  fnaninf.o(x$fpl$fnaninf)
    _printf_fp_dec                           0x0800a0bb   Thumb Code     4  printf1.o(x$fpl$printf1)
    __fpl_return_NaN                         0x0800a0bf   Thumb Code   100  retnan.o(x$fpl$retnan)
    __ARM_scalbn                             0x0800a123   Thumb Code    92  scalbn.o(x$fpl$scalbn)
    __fpl_cmpreturn                          0x0800a17f   Thumb Code    48  trapv.o(x$fpl$trapveneer)
    __I$use$fp                               0x0800a1ae   Number         0  usenofp.o(x$fpl$usenofp)
    auw_hamm                                 0x0800a1ae   Data          62  max30102.o(.constdata)
    uch_spo2_table                           0x0800a1ec   Data         184  max30102.o(.constdata)
    F6x8                                     0x0800a36b   Data         552  oled.o(.constdata)
    F8X16                                    0x0800a593   Data        1520  oled.o(.constdata)
    __mathlib_zero                           0x0800ac50   Data           8  qnan.o(.constdata)
    Region$$Table$$Base                      0x0800aeac   Number         0  anon$$obj.o(Region$$Table)
    Region$$Table$$Limit                     0x0800aecc   Number         0  anon$$obj.o(Region$$Table)
    __ctype                                  0x0800aed9   Data           0  lc_ctype_c.o(locale$$data)
    SystemCoreClock                          0x20000000   Data           4  system_stm32f10x.o(.data)
    AHBPrescTable                            0x20000004   Data          16  system_stm32f10x.o(.data)
    UsCount                                  0x20000028   Data           1  delay.o(.data)
    MsCount                                  0x2000002a   Data           2  delay.o(.data)
    led_info                                 0x2000002c   Data           1  led.o(.data)
    dis_hr                                   0x20000030   Data           1  main.o(.data)
    dis_spo2                                 0x20000031   Data           1  main.o(.data)
    filtered_hr                              0x20000032   Data           1  main.o(.data)
    filtered_spo2                            0x20000033   Data           1  main.o(.data)
    is_worn                                  0x20000034   Data           1  main.o(.data)
    alarm_state                              0x20000035   Data           1  main.o(.data)
    ch_spo2_valid                            0x20000036   Data           1  main.o(.data)
    ch_hr_valid                              0x20000037   Data           1  main.o(.data)
    MQ3_THRESHOLD                            0x20000038   Data           2  main.o(.data)
    mq3_value                                0x2000003a   Data           2  main.o(.data)
    n_ir_buffer_length                       0x20000044   Data           4  main.o(.data)
    n_sp02                                   0x20000048   Data           4  main.o(.data)
    n_heart_rate                             0x2000004c   Data           4  main.o(.data)
    un_min                                   0x20000050   Data           4  main.o(.data)
    un_max                                   0x20000054   Data           4  main.o(.data)
    un_prev_data                             0x20000058   Data           4  main.o(.data)
    i                                        0x2000005c   Data           4  main.o(.data)
    max30102_temp                            0x20000060   Data           6  main.o(.data)
    esp8266_cnt                              0x20000068   Data           2  esp8266.o(.data)
    esp8266_cntPre                           0x2000006a   Data           2  esp8266.o(.data)
    Hzk                                      0x20000078   Data         640  oled.o(.data)
    aun_ir_buffer                            0x20001a58   Data        2000  main.o(.bss)
    aun_red_buffer                           0x20002228   Data        2000  main.o(.bss)
    devid                                    0x200029f8   Data          16  onenet.o(.bss)
    key                                      0x20002a08   Data          48  onenet.o(.bss)
    esp8266_buf                              0x20002a38   Data         512  esp8266.o(.bss)
    _random_number_data                      0x20002c38   Data         228  rand.o(.bss)
    __libspace_start                         0x20002d1c   Data          96  libspace.o(.bss)
    __temporary_stack_top$libspace           0x20002d7c   Data           0  libspace.o(.bss)



==============================================================================

Memory Map of the image

  Image Entry point : 0x080000ed

  Load Region LR_IROM1 (Base: 0x08000000, Size: 0x0000b2f0, Max: 0x00010000, ABSOLUTE, COMPRESSED[0x0000b100])

    Execution Region ER_IROM1 (Exec base: 0x08000000, Load base: 0x08000000, Size: 0x0000aff8, Max: 0x00010000, ABSOLUTE)

    Exec Addr    Load Addr    Size         Type   Attr      Idx    E Section Name        Object

    0x08000000   0x08000000   0x000000ec   Data   RO          139    RESET               startup_stm32f10x_md.o
    0x080000ec   0x080000ec   0x00000008   Code   RO          800  * !!!main             c_w.l(__main.o)
    0x080000f4   0x080000f4   0x00000034   Code   RO         1209    !!!scatter          c_w.l(__scatter.o)
    0x08000128   0x08000128   0x0000005a   Code   RO         1207    !!dczerorl2         c_w.l(__dczerorl2.o)
    0x08000182   0x08000182   0x00000002   PAD
    0x08000184   0x08000184   0x0000001c   Code   RO         1211    !!handler_zi        c_w.l(__scatter_zi.o)
    0x080001a0   0x080001a0   0x00000000   Code   RO          764    .ARM.Collect$$_printf_percent$$00000000  c_w.l(_printf_percent.o)
    0x080001a0   0x080001a0   0x00000006   Code   RO          904    .ARM.Collect$$_printf_percent$$00000001  c_w.l(_printf_n.o)
    0x080001a6   0x080001a6   0x00000006   Code   RO          905    .ARM.Collect$$_printf_percent$$00000002  c_w.l(_printf_p.o)
    0x080001ac   0x080001ac   0x00000006   Code   RO          762    .ARM.Collect$$_printf_percent$$00000003  c_w.l(_printf_f.o)
    0x080001b2   0x080001b2   0x00000006   Code   RO          763    .ARM.Collect$$_printf_percent$$00000004  c_w.l(_printf_e.o)
    0x080001b8   0x080001b8   0x00000006   Code   RO          909    .ARM.Collect$$_printf_percent$$00000005  c_w.l(_printf_g.o)
    0x080001be   0x080001be   0x00000006   Code   RO          910    .ARM.Collect$$_printf_percent$$00000006  c_w.l(_printf_a.o)
    0x080001c4   0x080001c4   0x0000000a   Code   RO          915    .ARM.Collect$$_printf_percent$$00000007  c_w.l(_printf_ll.o)
    0x080001ce   0x080001ce   0x00000006   Code   RO          907    .ARM.Collect$$_printf_percent$$00000008  c_w.l(_printf_i.o)
    0x080001d4   0x080001d4   0x00000006   Code   RO          761    .ARM.Collect$$_printf_percent$$00000009  c_w.l(_printf_d.o)
    0x080001da   0x080001da   0x00000006   Code   RO          908    .ARM.Collect$$_printf_percent$$0000000A  c_w.l(_printf_u.o)
    0x080001e0   0x080001e0   0x00000006   Code   RO          906    .ARM.Collect$$_printf_percent$$0000000B  c_w.l(_printf_o.o)
    0x080001e6   0x080001e6   0x00000006   Code   RO          760    .ARM.Collect$$_printf_percent$$0000000C  c_w.l(_printf_x.o)
    0x080001ec   0x080001ec   0x00000006   Code   RO          912    .ARM.Collect$$_printf_percent$$0000000D  c_w.l(_printf_lli.o)
    0x080001f2   0x080001f2   0x00000006   Code   RO          913    .ARM.Collect$$_printf_percent$$0000000E  c_w.l(_printf_lld.o)
    0x080001f8   0x080001f8   0x00000006   Code   RO          914    .ARM.Collect$$_printf_percent$$0000000F  c_w.l(_printf_llu.o)
    0x080001fe   0x080001fe   0x00000006   Code   RO          919    .ARM.Collect$$_printf_percent$$00000010  c_w.l(_printf_llo.o)
    0x08000204   0x08000204   0x00000006   Code   RO          920    .ARM.Collect$$_printf_percent$$00000011  c_w.l(_printf_llx.o)
    0x0800020a   0x0800020a   0x0000000a   Code   RO          916    .ARM.Collect$$_printf_percent$$00000012  c_w.l(_printf_l.o)
    0x08000214   0x08000214   0x00000006   Code   RO          903    .ARM.Collect$$_printf_percent$$00000013  c_w.l(_printf_c.o)
    0x0800021a   0x0800021a   0x00000006   Code   RO          759    .ARM.Collect$$_printf_percent$$00000014  c_w.l(_printf_s.o)
    0x08000220   0x08000220   0x00000006   Code   RO          917    .ARM.Collect$$_printf_percent$$00000015  c_w.l(_printf_lc.o)
    0x08000226   0x08000226   0x00000006   Code   RO          918    .ARM.Collect$$_printf_percent$$00000016  c_w.l(_printf_ls.o)
    0x0800022c   0x0800022c   0x00000004   Code   RO          911    .ARM.Collect$$_printf_percent$$00000017  c_w.l(_printf_percent_end.o)
    0x08000230   0x08000230   0x00000002   Code   RO         1142    .ARM.Collect$$libinit$$00000000  c_w.l(libinit.o)
    0x08000232   0x08000232   0x00000000   Code   RO          930    .ARM.Collect$$libinit$$00000002  c_w.l(libinit2.o)
    0x08000232   0x08000232   0x00000000   Code   RO          932    .ARM.Collect$$libinit$$00000004  c_w.l(libinit2.o)
    0x08000232   0x08000232   0x00000008   Code   RO          933    .ARM.Collect$$libinit$$00000005  c_w.l(libinit2.o)
    0x0800023a   0x0800023a   0x00000000   Code   RO          935    .ARM.Collect$$libinit$$0000000A  c_w.l(libinit2.o)
    0x0800023a   0x0800023a   0x00000000   Code   RO          937    .ARM.Collect$$libinit$$0000000C  c_w.l(libinit2.o)
    0x0800023a   0x0800023a   0x00000004   Code   RO          938    .ARM.Collect$$libinit$$0000000D  c_w.l(libinit2.o)
    0x0800023e   0x0800023e   0x00000000   Code   RO          939    .ARM.Collect$$libinit$$0000000E  c_w.l(libinit2.o)
    0x0800023e   0x0800023e   0x00000006   Code   RO          940    .ARM.Collect$$libinit$$0000000F  c_w.l(libinit2.o)
    0x08000244   0x08000244   0x00000000   Code   RO          942    .ARM.Collect$$libinit$$00000011  c_w.l(libinit2.o)
    0x08000244   0x08000244   0x0000000c   Code   RO          943    .ARM.Collect$$libinit$$00000012  c_w.l(libinit2.o)
    0x08000250   0x08000250   0x00000000   Code   RO          944    .ARM.Collect$$libinit$$00000013  c_w.l(libinit2.o)
    0x08000250   0x08000250   0x00000000   Code   RO          946    .ARM.Collect$$libinit$$00000015  c_w.l(libinit2.o)
    0x08000250   0x08000250   0x0000000a   Code   RO          947    .ARM.Collect$$libinit$$00000016  c_w.l(libinit2.o)
    0x0800025a   0x0800025a   0x00000000   Code   RO          948    .ARM.Collect$$libinit$$00000017  c_w.l(libinit2.o)
    0x0800025a   0x0800025a   0x00000000   Code   RO          950    .ARM.Collect$$libinit$$00000019  c_w.l(libinit2.o)
    0x0800025a   0x0800025a   0x00000000   Code   RO          952    .ARM.Collect$$libinit$$0000001B  c_w.l(libinit2.o)
    0x0800025a   0x0800025a   0x00000000   Code   RO          954    .ARM.Collect$$libinit$$0000001D  c_w.l(libinit2.o)
    0x0800025a   0x0800025a   0x00000000   Code   RO          956    .ARM.Collect$$libinit$$0000001F  c_w.l(libinit2.o)
    0x0800025a   0x0800025a   0x00000000   Code   RO          958    .ARM.Collect$$libinit$$00000021  c_w.l(libinit2.o)
    0x0800025a   0x0800025a   0x00000000   Code   RO          960    .ARM.Collect$$libinit$$00000023  c_w.l(libinit2.o)
    0x0800025a   0x0800025a   0x00000000   Code   RO          962    .ARM.Collect$$libinit$$00000025  c_w.l(libinit2.o)
    0x0800025a   0x0800025a   0x00000000   Code   RO          966    .ARM.Collect$$libinit$$0000002C  c_w.l(libinit2.o)
    0x0800025a   0x0800025a   0x00000000   Code   RO          968    .ARM.Collect$$libinit$$0000002E  c_w.l(libinit2.o)
    0x0800025a   0x0800025a   0x00000000   Code   RO          970    .ARM.Collect$$libinit$$00000030  c_w.l(libinit2.o)
    0x0800025a   0x0800025a   0x00000000   Code   RO          972    .ARM.Collect$$libinit$$00000032  c_w.l(libinit2.o)
    0x0800025a   0x0800025a   0x00000002   Code   RO          973    .ARM.Collect$$libinit$$00000033  c_w.l(libinit2.o)
    0x0800025c   0x0800025c   0x00000002   Code   RO         1204    .ARM.Collect$$libshutdown$$00000000  c_w.l(libshutdown.o)
    0x0800025e   0x0800025e   0x00000000   Code   RO         1158    .ARM.Collect$$libshutdown$$00000002  c_w.l(libshutdown2.o)
    0x0800025e   0x0800025e   0x00000000   Code   RO         1160    .ARM.Collect$$libshutdown$$00000004  c_w.l(libshutdown2.o)
    0x0800025e   0x0800025e   0x00000000   Code   RO         1163    .ARM.Collect$$libshutdown$$00000007  c_w.l(libshutdown2.o)
    0x0800025e   0x0800025e   0x00000000   Code   RO         1166    .ARM.Collect$$libshutdown$$0000000A  c_w.l(libshutdown2.o)
    0x0800025e   0x0800025e   0x00000000   Code   RO         1168    .ARM.Collect$$libshutdown$$0000000C  c_w.l(libshutdown2.o)
    0x0800025e   0x0800025e   0x00000000   Code   RO         1171    .ARM.Collect$$libshutdown$$0000000F  c_w.l(libshutdown2.o)
    0x0800025e   0x0800025e   0x00000002   Code   RO         1172    .ARM.Collect$$libshutdown$$00000010  c_w.l(libshutdown2.o)
    0x08000260   0x08000260   0x00000000   Code   RO          846    .ARM.Collect$$rtentry$$00000000  c_w.l(__rtentry.o)
    0x08000260   0x08000260   0x00000000   Code   RO         1022    .ARM.Collect$$rtentry$$00000002  c_w.l(__rtentry2.o)
    0x08000260   0x08000260   0x00000006   Code   RO         1034    .ARM.Collect$$rtentry$$00000004  c_w.l(__rtentry4.o)
    0x08000266   0x08000266   0x00000000   Code   RO         1024    .ARM.Collect$$rtentry$$00000009  c_w.l(__rtentry2.o)
    0x08000266   0x08000266   0x00000004   Code   RO         1025    .ARM.Collect$$rtentry$$0000000A  c_w.l(__rtentry2.o)
    0x0800026a   0x0800026a   0x00000000   Code   RO         1027    .ARM.Collect$$rtentry$$0000000C  c_w.l(__rtentry2.o)
    0x0800026a   0x0800026a   0x00000008   Code   RO         1028    .ARM.Collect$$rtentry$$0000000D  c_w.l(__rtentry2.o)
    0x08000272   0x08000272   0x00000002   Code   RO         1147    .ARM.Collect$$rtexit$$00000000  c_w.l(rtexit.o)
    0x08000274   0x08000274   0x00000000   Code   RO         1178    .ARM.Collect$$rtexit$$00000002  c_w.l(rtexit2.o)
    0x08000274   0x08000274   0x00000004   Code   RO         1179    .ARM.Collect$$rtexit$$00000003  c_w.l(rtexit2.o)
    0x08000278   0x08000278   0x00000006   Code   RO         1180    .ARM.Collect$$rtexit$$00000004  c_w.l(rtexit2.o)
    0x0800027e   0x0800027e   0x00000002   PAD
    0x08000280   0x08000280   0x00000034   Code   RO          771    .emb_text           c_w.l(rand.o)
    0x080002b4   0x080002b4   0x00000000   Code   RO         1048    .emb_text           c_w.l(maybetermalloc1.o)
    0x080002b4   0x080002b4   0x0000012c   Code   RO           17    .text               stm32f10x_it.o
    0x080003e0   0x080003e0   0x00000174   Code   RO          119    .text               system_stm32f10x.o
    0x08000554   0x08000554   0x00000040   Code   RO          140    .text               startup_stm32f10x_md.o
    0x08000594   0x08000594   0x000000b8   Code   RO          144    .text               misc.o
    0x0800064c   0x0800064c   0x00000298   Code   RO          182    .text               stm32f10x_gpio.o
    0x080008e4   0x080008e4   0x000002f4   Code   RO          194    .text               stm32f10x_rcc.o
    0x08000bd8   0x08000bd8   0x0000039c   Code   RO          208    .text               stm32f10x_usart.o
    0x08000f74   0x08000f74   0x000000ec   Code   RO          220    .text               stm32f10x_exti.o
    0x08001060   0x08001060   0x00000388   Code   RO          232    .text               stm32f10x_adc.o
    0x080013e8   0x080013e8   0x0000009c   Code   RO          244    .text               delay.o
    0x08001484   0x08001484   0x000001e0   Code   RO          262    .text               usart.o
    0x08001664   0x08001664   0x00000048   Code   RO          284    .text               led.o
    0x080016ac   0x080016ac   0x000000b4   Code   RO          302    .text               key.o
    0x08001760   0x08001760   0x00000048   Code   RO          339    .text               buzzer.o
    0x080017a8   0x080017a8   0x00000adc   Code   RO          351    .text               max30102.o
    0x08002284   0x08002284   0x000000a8   Code   RO          392    .text               mq3.o
    0x0800232c   0x0800232c   0x00000552   Code   RO          407    .text               main.o
    0x0800287e   0x0800287e   0x00000002   PAD
    0x08002880   0x08002880   0x00000b60   Code   RO          440    .text               onenet.o
    0x080033e0   0x080033e0   0x0000038c   Code   RO          486    .text               hmac_sha1.o
    0x0800376c   0x0800376c   0x0000025c   Code   RO          508    .text               base64.o
    0x080039c8   0x080039c8   0x00000cac   Code   RO          529    .text               mqttkit.o
    0x08004674   0x08004674   0x00000298   Code   RO          557    .text               esp8266.o
    0x0800490c   0x0800490c   0x00001716   Code   RO          577    .text               cjson.o
    0x08006022   0x08006022   0x00000002   PAD
    0x08006024   0x08006024   0x00000544   Code   RO          612    .text               oled.o
    0x08006568   0x08006568   0x0000005e   Code   RO          640    .text               c_w.l(h1_alloc.o)
    0x080065c6   0x080065c6   0x0000004e   Code   RO          642    .text               c_w.l(h1_free.o)
    0x08006614   0x08006614   0x0000001a   Code   RO          698    .text               c_w.l(tolower.o)
    0x0800662e   0x0800662e   0x00000002   PAD
    0x08006630   0x08006630   0x00000034   Code   RO          700    .text               c_w.l(c89vsnprintf.o)
    0x08006664   0x08006664   0x0000002c   Code   RO          702    .text               c_w.l(__2sprintf.o)
    0x08006690   0x08006690   0x00000038   Code   RO          704    .text               c_w.l(__2snprintf.o)
    0x080066c8   0x080066c8   0x0000004e   Code   RO          712    .text               c_w.l(_printf_pad.o)
    0x08006716   0x08006716   0x00000052   Code   RO          714    .text               c_w.l(_printf_str.o)
    0x08006768   0x08006768   0x00000078   Code   RO          716    .text               c_w.l(_printf_dec.o)
    0x080067e0   0x080067e0   0x00000094   Code   RO          736    .text               c_w.l(_printf_hex_int_ll_ptr.o)
    0x08006874   0x08006874   0x00000188   Code   RO          756    .text               c_w.l(__printf_flags_ss_wp.o)
    0x080069fc   0x080069fc   0x0000003c   Code   RO          765    .text               c_w.l(__0sscanf.o)
    0x08006a38   0x08006a38   0x0000014c   Code   RO          767    .text               c_w.l(_scanf_int.o)
    0x08006b84   0x08006b84   0x000000e0   Code   RO          769    .text               c_w.l(_scanf_str.o)
    0x08006c64   0x08006c64   0x0000003c   Code   RO          772    .text               c_w.l(rand.o)
    0x08006ca0   0x08006ca0   0x00000014   Code   RO          776    .text               c_w.l(strchr.o)
    0x08006cb4   0x08006cb4   0x00000024   Code   RO          778    .text               c_w.l(strncat.o)
    0x08006cd8   0x08006cd8   0x00000024   Code   RO          780    .text               c_w.l(strstr.o)
    0x08006cfc   0x08006cfc   0x00000048   Code   RO          782    .text               c_w.l(strcpy.o)
    0x08006d44   0x08006d44   0x0000003e   Code   RO          784    .text               c_w.l(strlen.o)
    0x08006d82   0x08006d82   0x00000096   Code   RO          786    .text               c_w.l(strncmp.o)
    0x08006e18   0x08006e18   0x00000018   Code   RO          788    .text               c_w.l(strcat.o)
    0x08006e30   0x08006e30   0x0000008a   Code   RO          790    .text               c_w.l(rt_memcpy_v6.o)
    0x08006eba   0x08006eba   0x00000064   Code   RO          792    .text               c_w.l(rt_memcpy_w.o)
    0x08006f1e   0x08006f1e   0x00000044   Code   RO          794    .text               c_w.l(rt_memclr.o)
    0x08006f62   0x08006f62   0x0000004e   Code   RO          796    .text               c_w.l(rt_memclr_w.o)
    0x08006fb0   0x08006fb0   0x00000006   Code   RO          798    .text               c_w.l(heapauxi.o)
    0x08006fb6   0x08006fb6   0x00000002   PAD
    0x08006fb8   0x08006fb8   0x00000010   Code   RO          847    .text               c_w.l(rt_ctype_table.o)
    0x08006fc8   0x08006fc8   0x00000008   Code   RO          852    .text               c_w.l(rt_heap_descriptor_intlibspace.o)
    0x08006fd0   0x08006fd0   0x00000004   Code   RO          854    .text               c_w.l(hguard.o)
    0x08006fd4   0x08006fd4   0x0000008a   Code   RO          856    .text               c_w.l(init_alloc.o)
    0x0800705e   0x0800705e   0x0000000e   Code   RO          860    .text               c_w.l(h1_init.o)
    0x0800706c   0x0800706c   0x00000016   Code   RO          874    .text               c_w.l(_rserrno.o)
    0x08007082   0x08007082   0x00000024   Code   RO          876    .text               c_w.l(_printf_truncate.o)
    0x080070a6   0x080070a6   0x000000b2   Code   RO          878    .text               c_w.l(_printf_intcommon.o)
    0x08007158   0x08007158   0x00000028   Code   RO          880    .text               c_w.l(_printf_charcount.o)
    0x08007180   0x08007180   0x0000041e   Code   RO          882    .text               c_w.l(_printf_fp_dec.o)
    0x0800759e   0x0800759e   0x00000002   PAD
    0x080075a0   0x080075a0   0x00000030   Code   RO          884    .text               c_w.l(_printf_char_common.o)
    0x080075d0   0x080075d0   0x0000000a   Code   RO          886    .text               c_w.l(_sputc.o)
    0x080075da   0x080075da   0x00000010   Code   RO          888    .text               c_w.l(_snputc.o)
    0x080075ea   0x080075ea   0x0000002c   Code   RO          890    .text               c_w.l(_printf_char.o)
    0x08007616   0x08007616   0x00000002   PAD
    0x08007618   0x08007618   0x000000bc   Code   RO          892    .text               c_w.l(_printf_wctomb.o)
    0x080076d4   0x080076d4   0x0000007c   Code   RO          895    .text               c_w.l(_printf_longlong_dec.o)
    0x08007750   0x08007750   0x00000070   Code   RO          901    .text               c_w.l(_printf_oct_int_ll.o)
    0x080077c0   0x080077c0   0x0000001c   Code   RO          921    .text               c_w.l(_chval.o)
    0x080077dc   0x080077dc   0x0000002c   Code   RO          923    .text               c_w.l(scanf_char.o)
    0x08007808   0x08007808   0x00000040   Code   RO          925    .text               c_w.l(_sgetc.o)
    0x08007848   0x08007848   0x00000008   Code   RO         1018    .text               c_w.l(libspace.o)
    0x08007850   0x08007850   0x00000008   Code   RO         1039    .text               c_w.l(rt_locale_intlibspace.o)
    0x08007858   0x08007858   0x00000008   Code   RO         1044    .text               c_w.l(rt_errno_addr_intlibspace.o)
    0x08007860   0x08007860   0x00000034   Code   RO         1050    .text               c_w.l(h1_extend.o)
    0x08007894   0x08007894   0x0000008a   Code   RO         1054    .text               c_w.l(lludiv10.o)
    0x0800791e   0x0800791e   0x00000012   Code   RO         1056    .text               c_w.l(isspace.o)
    0x08007930   0x08007930   0x00000080   Code   RO         1058    .text               c_w.l(_printf_fp_infnan.o)
    0x080079b0   0x080079b0   0x0000002c   Code   RO         1062    .text               c_w.l(_printf_wchar.o)
    0x080079dc   0x080079dc   0x00000374   Code   RO         1064    .text               c_w.l(_scanf.o)
    0x08007d50   0x08007d50   0x000000e4   Code   RO         1066    .text               c_w.l(bigflt0.o)
    0x08007e34   0x08007e34   0x00000040   Code   RO         1091    .text               c_w.l(_wcrtomb.o)
    0x08007e74   0x08007e74   0x0000000e   Code   RO         1099    .text               c_w.l(defsig_rtmem_outer.o)
    0x08007e82   0x08007e82   0x00000002   Code   RO         1116    .text               c_w.l(use_no_semi.o)
    0x08007e84   0x08007e84   0x00000000   Code   RO         1118    .text               c_w.l(indicate_semi.o)
    0x08007e84   0x08007e84   0x0000004a   Code   RO         1119    .text               c_w.l(sys_stackheap_outer.o)
    0x08007ece   0x08007ece   0x00000012   Code   RO         1125    .text               c_w.l(exit.o)
    0x08007ee0   0x08007ee0   0x0000000a   Code   RO         1127    .text               c_w.l(defsig_exit.o)
    0x08007eea   0x08007eea   0x00000002   PAD
    0x08007eec   0x08007eec   0x00000050   Code   RO         1129    .text               c_w.l(defsig_rtmem_inner.o)
    0x08007f3c   0x08007f3c   0x00000080   Code   RO         1131    .text               c_w.l(strcmpv7m.o)
    0x08007fbc   0x08007fbc   0x0000000c   Code   RO         1145    .text               c_w.l(sys_exit.o)
    0x08007fc8   0x08007fc8   0x00000032   Code   RO         1155    .text               c_w.l(defsig_general.o)
    0x08007ffa   0x08007ffa   0x0000000e   Code   RO         1175    .text               c_w.l(sys_wrch.o)
    0x08008008   0x08008008   0x0000003e   Code   RO         1069    CL$$btod_d2e        c_w.l(btod.o)
    0x08008046   0x08008046   0x00000046   Code   RO         1071    CL$$btod_d2e_denorm_low  c_w.l(btod.o)
    0x0800808c   0x0800808c   0x00000060   Code   RO         1070    CL$$btod_d2e_norm_op1  c_w.l(btod.o)
    0x080080ec   0x080080ec   0x00000338   Code   RO         1079    CL$$btod_div_common  c_w.l(btod.o)
    0x08008424   0x08008424   0x000000dc   Code   RO         1076    CL$$btod_e2e        c_w.l(btod.o)
    0x08008500   0x08008500   0x0000002a   Code   RO         1073    CL$$btod_ediv       c_w.l(btod.o)
    0x0800852a   0x0800852a   0x0000002a   Code   RO         1072    CL$$btod_emul       c_w.l(btod.o)
    0x08008554   0x08008554   0x00000244   Code   RO         1078    CL$$btod_mult_common  c_w.l(btod.o)
    0x08008798   0x08008798   0x00000028   Code   RO         1003    i.__ARM_fpclassify  m_ws.l(fpclassify.o)
    0x080087c0   0x080087c0   0x000000aa   Code   RO         1005    i.__kernel_poly     m_ws.l(poly.o)
    0x0800886a   0x0800886a   0x00000002   PAD
    0x0800886c   0x0800886c   0x00000010   Code   RO          989    i.__mathlib_dbl_divzero  m_ws.l(dunder.o)
    0x0800887c   0x0800887c   0x00000004   Code   RO          991    i.__mathlib_dbl_infnan2  m_ws.l(dunder.o)
    0x08008880   0x08008880   0x0000000c   Code   RO          992    i.__mathlib_dbl_invalid  m_ws.l(dunder.o)
    0x0800888c   0x0800888c   0x0000000e   Code   RO          993    i.__mathlib_dbl_overflow  m_ws.l(dunder.o)
    0x0800889a   0x0800889a   0x00000002   PAD
    0x0800889c   0x0800889c   0x00000010   Code   RO          995    i.__mathlib_dbl_underflow  m_ws.l(dunder.o)
    0x080088ac   0x080088ac   0x0000000e   Code   RO          749    i._is_digit         c_w.l(__printf_wp.o)
    0x080088ba   0x080088ba   0x00000002   PAD
    0x080088bc   0x080088bc   0x000000dc   Code   RO          831    i.floor             m_ws.l(floor.o)
    0x08008998   0x08008998   0x000009d8   Code   RO          835    i.pow               m_ws.l(pow.o)
    0x08009370   0x08009370   0x0000004c   Code   RO         1009    i.sqrt              m_ws.l(sqrt.o)
    0x080093bc   0x080093bc   0x0000002c   Code   RO         1094    locale$$code        c_w.l(lc_ctype_c.o)
    0x080093e8   0x080093e8   0x0000002c   Code   RO         1097    locale$$code        c_w.l(lc_numeric_c.o)
    0x08009414   0x08009414   0x00000150   Code   RO          802    x$fpl$dadd          fz_ws.l(daddsub_clz.o)
    0x08009564   0x08009564   0x00000010   Code   RO         1108    x$fpl$dcheck1       fz_ws.l(dcheck1.o)
    0x08009574   0x08009574   0x00000018   Code   RO          974    x$fpl$dcmpinf       fz_ws.l(dcmpi.o)
    0x0800958c   0x0800958c   0x000002b0   Code   RO          977    x$fpl$ddiv          fz_ws.l(ddiv.o)
    0x0800983c   0x0800983c   0x00000078   Code   RO          808    x$fpl$deqf          fz_ws.l(deqf.o)
    0x080098b4   0x080098b4   0x0000005e   Code   RO          810    x$fpl$dfix          fz_ws.l(dfix.o)
    0x08009912   0x08009912   0x0000002e   Code   RO          815    x$fpl$dflt          fz_ws.l(dflt_clz.o)
    0x08009940   0x08009940   0x00000078   Code   RO          820    x$fpl$dleqf         fz_ws.l(dleqf.o)
    0x080099b8   0x080099b8   0x00000154   Code   RO          822    x$fpl$dmul          fz_ws.l(dmul.o)
    0x08009b0c   0x08009b0c   0x0000009c   Code   RO          980    x$fpl$dnaninf       fz_ws.l(dnaninf.o)
    0x08009ba8   0x08009ba8   0x0000000c   Code   RO          982    x$fpl$dretinf       fz_ws.l(dretinf.o)
    0x08009bb4   0x08009bb4   0x0000006c   Code   RO          824    x$fpl$drleqf        fz_ws.l(drleqf.o)
    0x08009c20   0x08009c20   0x00000016   Code   RO          803    x$fpl$drsb          fz_ws.l(daddsub_clz.o)
    0x08009c36   0x08009c36   0x00000002   PAD
    0x08009c38   0x08009c38   0x000001cc   Code   RO         1110    x$fpl$dsqrt         fz_ws.l(dsqrt_noumaal.o)
    0x08009e04   0x08009e04   0x000001d4   Code   RO          804    x$fpl$dsub          fz_ws.l(daddsub_clz.o)
    0x08009fd8   0x08009fd8   0x00000056   Code   RO          826    x$fpl$f2d           fz_ws.l(f2d.o)
    0x0800a02e   0x0800a02e   0x0000008c   Code   RO          984    x$fpl$fnaninf       fz_ws.l(fnaninf.o)
    0x0800a0ba   0x0800a0ba   0x00000004   Code   RO          828    x$fpl$printf1       fz_ws.l(printf1.o)
    0x0800a0be   0x0800a0be   0x00000064   Code   RO         1143    x$fpl$retnan        fz_ws.l(retnan.o)
    0x0800a122   0x0800a122   0x0000005c   Code   RO          986    x$fpl$scalbn        fz_ws.l(scalbn.o)
    0x0800a17e   0x0800a17e   0x00000030   Code   RO         1173    x$fpl$trapveneer    fz_ws.l(trapv.o)
    0x0800a1ae   0x0800a1ae   0x00000000   Code   RO          988    x$fpl$usenofp       fz_ws.l(usenofp.o)
    0x0800a1ae   0x0800a1ae   0x000000f6   Data   RO          353    .constdata          max30102.o
    0x0800a2a4   0x0800a2a4   0x000000c0   Data   RO          509    .constdata          base64.o
    0x0800a364   0x0800a364   0x00000007   Data   RO          578    .constdata          cjson.o
    0x0800a36b   0x0800a36b   0x00000818   Data   RO          613    .constdata          oled.o
    0x0800ab83   0x0800ab83   0x00000028   Data   RO          737    .constdata          c_w.l(_printf_hex_int_ll_ptr.o)
    0x0800abab   0x0800abab   0x00000011   Data   RO          757    .constdata          c_w.l(__printf_flags_ss_wp.o)
    0x0800abbc   0x0800abbc   0x00000004   PAD
    0x0800abc0   0x0800abc0   0x00000088   Data   RO          836    .constdata          m_ws.l(pow.o)
    0x0800ac48   0x0800ac48   0x00000008   Data   RO          893    .constdata          c_w.l(_printf_wctomb.o)
    0x0800ac50   0x0800ac50   0x00000008   Data   RO         1007    .constdata          m_ws.l(qnan.o)
    0x0800ac58   0x0800ac58   0x00000094   Data   RO         1067    .constdata          c_w.l(bigflt0.o)
    0x0800acec   0x0800acec   0x000001bf   Data   RO          442    .conststring        onenet.o
    0x0800aeab   0x0800aeab   0x00000001   PAD
    0x0800aeac   0x0800aeac   0x00000020   Data   RO         1205    Region$$Table       anon$$obj.o
    0x0800aecc   0x0800aecc   0x00000110   Data   RO         1093    locale$$data        c_w.l(lc_ctype_c.o)
    0x0800afdc   0x0800afdc   0x0000001c   Data   RO         1096    locale$$data        c_w.l(lc_numeric_c.o)


    Execution Region RW_IRAM1 (Exec base: 0x20000000, Load base: 0x0800aff8, Size: 0x00003780, Max: 0x00005000, ABSOLUTE, COMPRESSED[0x00000108])

    Exec Addr    Load Addr    Size         Type   Attr      Idx    E Section Name        Object

    0x20000000   COMPRESSED   0x00000014   Data   RW          120    .data               system_stm32f10x.o
    0x20000014   COMPRESSED   0x00000014   Data   RW          195    .data               stm32f10x_rcc.o
    0x20000028   COMPRESSED   0x00000004   Data   RW          245    .data               delay.o
    0x2000002c   COMPRESSED   0x00000001   Data   RW          285    .data               led.o
    0x2000002d   COMPRESSED   0x00000003   PAD
    0x20000030   COMPRESSED   0x00000036   Data   RW          409    .data               main.o
    0x20000066   COMPRESSED   0x00000002   Data   RW          443    .data               onenet.o
    0x20000068   COMPRESSED   0x00000004   Data   RW          559    .data               esp8266.o
    0x2000006c   COMPRESSED   0x0000000c   Data   RW          579    .data               cjson.o
    0x20000078   COMPRESSED   0x00000280   Data   RW          614    .data               oled.o
    0x200002f8        -       0x00001760   Zero   RW          352    .bss                max30102.o
    0x20001a58        -       0x00000fa0   Zero   RW          408    .bss                main.o
    0x200029f8        -       0x00000040   Zero   RW          441    .bss                onenet.o
    0x20002a38        -       0x00000200   Zero   RW          558    .bss                esp8266.o
    0x20002c38        -       0x000000e4   Zero   RW          773    .bss                c_w.l(rand.o)
    0x20002d1c        -       0x00000060   Zero   RW         1019    .bss                c_w.l(libspace.o)
    0x20002d7c   COMPRESSED   0x00000004   PAD
    0x20002d80        -       0x00000200   Zero   RW          138    HEAP                startup_stm32f10x_md.o
    0x20002f80        -       0x00000800   Zero   RW          137    STACK               startup_stm32f10x_md.o


==============================================================================

Image component sizes


      Code (inc. data)   RO Data    RW Data    ZI Data      Debug   Object Name

       604          4        192          0          0       3446   base64.o
        72          6          0          0          0        649   buzzer.o
      5910        172          7         12          0      27040   cjson.o
         0          0          0          0          0       4532   core_cm3.o
       156          4          0          4          0       1500   delay.o
       664        216          0          4        512       3103   esp8266.o
       908         30          0          0          0       3888   hmac_sha1.o
       180          8          0          0          0        776   key.o
        72          8          0          1          0       1222   led.o
      1362        192          0         54       4000       3608   main.o
      2780         32        246          0       5984      12684   max30102.o
       184         12          0          0          0     216453   misc.o
       168         10          0          0          0        752   mq3.o
      3244         72          0          0          0      16403   mqttkit.o
      1348         24       2072        640          0       6947   oled.o
      2912       1216        447          2         64       9616   onenet.o
        64         26        236          0       2560        816   startup_stm32f10x_md.o
       904         24          0          0          0      11797   stm32f10x_adc.o
       236         10          0          0          0       2391   stm32f10x_exti.o
       664         36          0          0          0       6193   stm32f10x_gpio.o
       300        248          0          0          0      24503   stm32f10x_it.o
       756         32          0         20          0       9316   stm32f10x_rcc.o
       924         20          0          0          0       9148   stm32f10x_usart.o
       372         34          0         20          0       1847   system_stm32f10x.o
       480         14          0          0          0       3361   usart.o

    ----------------------------------------------------------------------
     25268       2450       3233        760      13120     381991   Object Totals
         0          0         32          0          0          0   (incl. Generated)
         4          0          1          3          0          0   (incl. Padding)

    ----------------------------------------------------------------------

      Code (inc. data)   RO Data    RW Data    ZI Data      Debug   Library Member Name

        60          8          0          0          0         84   __0sscanf.o
        56          6          0          0          0         88   __2snprintf.o
        44          6          0          0          0         84   __2sprintf.o
        90          0          0          0          0          0   __dczerorl2.o
         8          0          0          0          0         68   __main.o
       392          4         17          0          0         92   __printf_flags_ss_wp.o
        14          0          0          0          0         68   __printf_wp.o
         0          0          0          0          0          0   __rtentry.o
        12          0          0          0          0          0   __rtentry2.o
         6          0          0          0          0          0   __rtentry4.o
        52          8          0          0          0          0   __scatter.o
        28          0          0          0          0          0   __scatter_zi.o
        28          0          0          0          0         68   _chval.o
         6          0          0          0          0          0   _printf_a.o
         6          0          0          0          0          0   _printf_c.o
        44          0          0          0          0        108   _printf_char.o
        48          6          0          0          0         96   _printf_char_common.o
        40          0          0          0          0         68   _printf_charcount.o
         6          0          0          0          0          0   _printf_d.o
       120         16          0          0          0         92   _printf_dec.o
         6          0          0          0          0          0   _printf_e.o
         6          0          0          0          0          0   _printf_f.o
      1054          0          0          0          0        216   _printf_fp_dec.o
       128         16          0          0          0         84   _printf_fp_infnan.o
         6          0          0          0          0          0   _printf_g.o
       148          4         40          0          0        160   _printf_hex_int_ll_ptr.o
         6          0          0          0          0          0   _printf_i.o
       178          0          0          0          0         88   _printf_intcommon.o
        10          0          0          0          0          0   _printf_l.o
         6          0          0          0          0          0   _printf_lc.o
        10          0          0          0          0          0   _printf_ll.o
         6          0          0          0          0          0   _printf_lld.o
         6          0          0          0          0          0   _printf_lli.o
         6          0          0          0          0          0   _printf_llo.o
         6          0          0          0          0          0   _printf_llu.o
         6          0          0          0          0          0   _printf_llx.o
       124         16          0          0          0         92   _printf_longlong_dec.o
         6          0          0          0          0          0   _printf_ls.o
         6          0          0          0          0          0   _printf_n.o
         6          0          0          0          0          0   _printf_o.o
       112         10          0          0          0        124   _printf_oct_int_ll.o
         6          0          0          0          0          0   _printf_p.o
        78          0          0          0          0        108   _printf_pad.o
         0          0          0          0          0          0   _printf_percent.o
         4          0          0          0          0          0   _printf_percent_end.o
         6          0          0          0          0          0   _printf_s.o
        82          0          0          0          0         80   _printf_str.o
        36          0          0          0          0         84   _printf_truncate.o
         6          0          0          0          0          0   _printf_u.o
        44          0          0          0          0        108   _printf_wchar.o
       188          6          8          0          0         92   _printf_wctomb.o
         6          0          0          0          0          0   _printf_x.o
        22          0          0          0          0        100   _rserrno.o
       884          6          0          0          0        100   _scanf.o
       332          0          0          0          0         96   _scanf_int.o
       224          0          0          0          0         96   _scanf_str.o
        64          0          0          0          0         84   _sgetc.o
        16          0          0          0          0         68   _snputc.o
        10          0          0          0          0         68   _sputc.o
        64          0          0          0          0         92   _wcrtomb.o
       228          4        148          0          0         96   bigflt0.o
      1936        128          0          0          0        672   btod.o
        52          4          0          0          0         80   c89vsnprintf.o
        10          0          0          0          0         68   defsig_exit.o
        50          0          0          0          0         88   defsig_general.o
        80         58          0          0          0         76   defsig_rtmem_inner.o
        14          0          0          0          0         80   defsig_rtmem_outer.o
        18          0          0          0          0         80   exit.o
        94          0          0          0          0         80   h1_alloc.o
        52          0          0          0          0         68   h1_extend.o
        78          0          0          0          0         80   h1_free.o
        14          0          0          0          0         84   h1_init.o
         6          0          0          0          0        152   heapauxi.o
         4          0          0          0          0        136   hguard.o
         0          0          0          0          0          0   indicate_semi.o
       138          0          0          0          0        168   init_alloc.o
        18          0          0          0          0         76   isspace.o
        44         10        272          0          0         76   lc_ctype_c.o
        44         10         28          0          0         76   lc_numeric_c.o
         2          0          0          0          0          0   libinit.o
        42          0          0          0          0          0   libinit2.o
         2          0          0          0          0          0   libshutdown.o
         2          0          0          0          0          0   libshutdown2.o
         8          4          0          0         96         68   libspace.o
       138          0          0          0          0         80   lludiv10.o
         0          0          0          0          0          0   maybetermalloc1.o
       112         18          0          0        228        160   rand.o
        16          4          0          0          0         76   rt_ctype_table.o
         8          4          0          0          0         68   rt_errno_addr_intlibspace.o
         8          4          0          0          0         68   rt_heap_descriptor_intlibspace.o
         8          4          0          0          0         68   rt_locale_intlibspace.o
        68          0          0          0          0         68   rt_memclr.o
        78          0          0          0          0         80   rt_memclr_w.o
       138          0          0          0          0         68   rt_memcpy_v6.o
       100          0          0          0          0         80   rt_memcpy_w.o
         2          0          0          0          0          0   rtexit.o
        10          0          0          0          0          0   rtexit2.o
        44          8          0          0          0         84   scanf_char.o
        24          0          0          0          0         68   strcat.o
        20          0          0          0          0         68   strchr.o
       128          0          0          0          0         68   strcmpv7m.o
        72          0          0          0          0         80   strcpy.o
        62          0          0          0          0         76   strlen.o
        36          0          0          0          0         76   strncat.o
       150          0          0          0          0         80   strncmp.o
        36          0          0          0          0         80   strstr.o
        12          4          0          0          0         68   sys_exit.o
        74          0          0          0          0         80   sys_stackheap_outer.o
        14          0          0          0          0         76   sys_wrch.o
        26          0          0          0          0         76   tolower.o
         2          0          0          0          0         68   use_no_semi.o
       826         16          0          0          0        348   daddsub_clz.o
        16          4          0          0          0         68   dcheck1.o
        24          0          0          0          0         68   dcmpi.o
       688        140          0          0          0        208   ddiv.o
       120          4          0          0          0         92   deqf.o
        94          4          0          0          0         92   dfix.o
        46          0          0          0          0         68   dflt_clz.o
       120          4          0          0          0         92   dleqf.o
       340         12          0          0          0        104   dmul.o
       156          4          0          0          0         92   dnaninf.o
        12          0          0          0          0         68   dretinf.o
       108          0          0          0          0         80   drleqf.o
       460         56          0          0          0        120   dsqrt_noumaal.o
        86          4          0          0          0         84   f2d.o
       140          4          0          0          0         84   fnaninf.o
         4          0          0          0          0         68   printf1.o
       100          0          0          0          0         68   retnan.o
        92          0          0          0          0         68   scalbn.o
        48          0          0          0          0         68   trapv.o
         0          0          0          0          0          0   usenofp.o
        62         10          0          0          0        340   dunder.o
       220         16          0          0          0         84   floor.o
        40          0          0          0          0         68   fpclassify.o
       170          0          0          0          0         96   poly.o
      2520        190        136          0          0        324   pow.o
         0          0          8          0          0          0   qnan.o
        76          0          0          0          0         84   sqrt.o

    ----------------------------------------------------------------------
     15886        844        661          0        328       9960   Library Totals
        22          0          4          0          4          0   (incl. Padding)

    ----------------------------------------------------------------------

      Code (inc. data)   RO Data    RW Data    ZI Data      Debug   Library Name

      9296        376        513          0        324       7024   c_w.l
      3480        252          0          0          0       1940   fz_ws.l
      3088        216        144          0          0        996   m_ws.l

    ----------------------------------------------------------------------
     15886        844        661          0        328       9960   Library Totals

    ----------------------------------------------------------------------

==============================================================================


      Code (inc. data)   RO Data    RW Data    ZI Data      Debug   

     41154       3294       3894        760      13448     383887   Grand Totals
     41154       3294       3894        264      13448     383887   ELF Image Totals (compressed)
     41154       3294       3894        264          0          0   ROM Totals

==============================================================================

    Total RO  Size (Code + RO Data)                45048 (  43.99kB)
    Total RW  Size (RW Data + ZI Data)             14208 (  13.88kB)
    Total ROM Size (Code + RO Data + RW Data)      45312 (  44.25kB)

==============================================================================

